1
1111111001100001011101011011011010110100111111011000000110001001
0
