Test 1
2
3
Test 2
-2
-3
Test 3
-2
3
Test 4
-7378697629483820647
2
3
Test 5
7378697629483820647
-3
-3
Test 6
7378697629483820647
-3
3
Test 7
-7378697629483820647
2
-3
Test 8
-9223372036854775808
-9223372036854775808
0
1
