Test 1
ovf
Test 2
ovf
Test 3
ovf
Test 4
ovf
Test 5
ovf
Test 6
ovf
Test 7
ovf
