Test 1
0
0
Test 2
0
0
Test 3
0
0
0
0
0
Test 4
0
0
0
0
Test 5
0
0
0
